%!Adobe-FontList 1.01

%BeginFont
Handler:DirectoryHandler
FontType:Invalid
OutlineFileName:/usr/X11R6/lib/X11/fonts/Type1/fonts.dir
%EndFont

%BeginFont
Handler:DirectoryHandler
FontType:Invalid
OutlineFileName:/usr/X11R6/lib/X11/fonts/Type1/UTBI____.afm
%EndFont

%BeginFont
Handler:DirectoryHandler
FontType:Type1
FontName:Utopia-BoldItalic
FamilyName:Utopia
FullName:Utopia Bold Italic
WritingScript:Roman
OutlineFileName:/usr/X11R6/lib/X11/fonts/Type1/UTBI____.pfa
DataFormat:Plain
UsesStandardEncoding:yes
isCFF:no
%EndFont

%BeginFont
Handler:DirectoryHandler
FontType:Invalid
OutlineFileName:/usr/X11R6/lib/X11/fonts/Type1/UTB_____.afm
%EndFont

%BeginFont
Handler:DirectoryHandler
FontType:Type1
FontName:Utopia-Bold
FamilyName:Utopia
FullName:Utopia Bold
WritingScript:Roman
OutlineFileName:/usr/X11R6/lib/X11/fonts/Type1/UTB_____.pfa
DataFormat:Plain
UsesStandardEncoding:yes
isCFF:no
%EndFont

%BeginFont
Handler:DirectoryHandler
FontType:Invalid
OutlineFileName:/usr/X11R6/lib/X11/fonts/Type1/UTI_____.afm
%EndFont

%BeginFont
Handler:DirectoryHandler
FontType:Type1
FontName:Utopia-Italic
FamilyName:Utopia
FullName:Utopia Italic
WritingScript:Roman
OutlineFileName:/usr/X11R6/lib/X11/fonts/Type1/UTI_____.pfa
DataFormat:Plain
UsesStandardEncoding:yes
isCFF:no
%EndFont

%BeginFont
Handler:DirectoryHandler
FontType:Invalid
OutlineFileName:/usr/X11R6/lib/X11/fonts/Type1/UTRG____.afm
%EndFont

%BeginFont
Handler:DirectoryHandler
FontType:Type1
FontName:Utopia-Regular
FamilyName:Utopia
FullName:Utopia Regular
WritingScript:Roman
OutlineFileName:/usr/X11R6/lib/X11/fonts/Type1/UTRG____.pfa
DataFormat:Plain
UsesStandardEncoding:yes
isCFF:no
%EndFont

%BeginFont
Handler:DirectoryHandler
FontType:Invalid
OutlineFileName:/usr/X11R6/lib/X11/fonts/Type1/c0419bt_.afm
%EndFont

%BeginFont
Handler:DirectoryHandler
FontType:Type1
FontName:Courier10PitchBT-Roman
FamilyName:Courier 10 Pitch
FullName:Courier 10 Pitch
WritingScript:Roman
OutlineFileName:/usr/X11R6/lib/X11/fonts/Type1/c0419bt_.pfb
DataFormat:Plain
UsesStandardEncoding:yes
isCFF:no
%EndFont

%BeginFont
Handler:DirectoryHandler
FontType:Invalid
OutlineFileName:/usr/X11R6/lib/X11/fonts/Type1/c0582bt_.afm
%EndFont

%BeginFont
Handler:DirectoryHandler
FontType:Type1
FontName:Courier10PitchBT-Italic
FamilyName:Courier 10 Pitch
FullName:Courier 10 Pitch Italic
WritingScript:Roman
OutlineFileName:/usr/X11R6/lib/X11/fonts/Type1/c0582bt_.pfb
DataFormat:Plain
UsesStandardEncoding:yes
isCFF:no
%EndFont

%BeginFont
Handler:DirectoryHandler
FontType:Invalid
OutlineFileName:/usr/X11R6/lib/X11/fonts/Type1/c0583bt_.afm
%EndFont

%BeginFont
Handler:DirectoryHandler
FontType:Type1
FontName:Courier10PitchBT-Bold
FamilyName:Courier 10 Pitch
FullName:Courier 10 Pitch Bold
WritingScript:Roman
OutlineFileName:/usr/X11R6/lib/X11/fonts/Type1/c0583bt_.pfb
DataFormat:Plain
UsesStandardEncoding:yes
isCFF:no
%EndFont

%BeginFont
Handler:DirectoryHandler
FontType:Invalid
OutlineFileName:/usr/X11R6/lib/X11/fonts/Type1/c0611bt_.afm
%EndFont

%BeginFont
Handler:DirectoryHandler
FontType:Type1
FontName:Courier10PitchBT-BoldItalic
FamilyName:Courier 10 Pitch
FullName:Courier 10 Pitch Bold Italic
WritingScript:Roman
OutlineFileName:/usr/X11R6/lib/X11/fonts/Type1/c0611bt_.pfb
DataFormat:Plain
UsesStandardEncoding:yes
isCFF:no
%EndFont

%BeginFont
Handler:DirectoryHandler
FontType:Invalid
OutlineFileName:/usr/X11R6/lib/X11/fonts/Type1/c0632bt_.afm
%EndFont

%BeginFont
Handler:DirectoryHandler
FontType:Type1
FontName:CharterBT-Bold
FamilyName:Bitstream Charter
FullName:Bitstream Charter Bold
WritingScript:Roman
OutlineFileName:/usr/X11R6/lib/X11/fonts/Type1/c0632bt_.pfb
DataFormat:Plain
UsesStandardEncoding:yes
isCFF:no
%EndFont

%BeginFont
Handler:DirectoryHandler
FontType:Invalid
OutlineFileName:/usr/X11R6/lib/X11/fonts/Type1/c0633bt_.afm
%EndFont

%BeginFont
Handler:DirectoryHandler
FontType:Type1
FontName:CharterBT-BoldItalic
FamilyName:Bitstream Charter
FullName:Bitstream Charter Bold Italic
WritingScript:Roman
OutlineFileName:/usr/X11R6/lib/X11/fonts/Type1/c0633bt_.pfb
DataFormat:Plain
UsesStandardEncoding:yes
isCFF:no
%EndFont

%BeginFont
Handler:DirectoryHandler
FontType:Invalid
OutlineFileName:/usr/X11R6/lib/X11/fonts/Type1/c0648bt_.afm
%EndFont

%BeginFont
Handler:DirectoryHandler
FontType:Type1
FontName:CharterBT-Roman
FamilyName:Bitstream Charter
FullName:Bitstream Charter
WritingScript:Roman
OutlineFileName:/usr/X11R6/lib/X11/fonts/Type1/c0648bt_.pfb
DataFormat:Plain
UsesStandardEncoding:yes
isCFF:no
%EndFont

%BeginFont
Handler:DirectoryHandler
FontType:Invalid
OutlineFileName:/usr/X11R6/lib/X11/fonts/Type1/c0649bt_.afm
%EndFont

%BeginFont
Handler:DirectoryHandler
FontType:Type1
FontName:CharterBT-Italic
FamilyName:Bitstream Charter
FullName:Bitstream Charter Italic
WritingScript:Roman
OutlineFileName:/usr/X11R6/lib/X11/fonts/Type1/c0649bt_.pfb
DataFormat:Plain
UsesStandardEncoding:yes
isCFF:no
%EndFont

%BeginFont
Handler:DirectoryHandler
FontType:Invalid
OutlineFileName:/usr/X11R6/lib/X11/fonts/Type1/cour.afm
%EndFont

%BeginFont
Handler:DirectoryHandler
FontType:Type1
FontName:Courier
FamilyName:Courier
FullName:Courier
WritingScript:Roman
OutlineFileName:/usr/X11R6/lib/X11/fonts/Type1/cour.pfa
DataFormat:Plain
UsesStandardEncoding:yes
isCFF:no
%EndFont

%BeginFont
Handler:DirectoryHandler
FontType:Invalid
OutlineFileName:/usr/X11R6/lib/X11/fonts/Type1/courb.afm
%EndFont

%BeginFont
Handler:DirectoryHandler
FontType:Type1
FontName:Courier-Bold
FamilyName:Courier
FullName:Courier Bold
WritingScript:Roman
OutlineFileName:/usr/X11R6/lib/X11/fonts/Type1/courb.pfa
DataFormat:Plain
UsesStandardEncoding:yes
isCFF:no
%EndFont

%BeginFont
Handler:DirectoryHandler
FontType:Invalid
OutlineFileName:/usr/X11R6/lib/X11/fonts/Type1/courbi.afm
%EndFont

%BeginFont
Handler:DirectoryHandler
FontType:Type1
FontName:Courier-BoldItalic
FamilyName:Courier
FullName:Courier Bold Italic
WritingScript:Roman
OutlineFileName:/usr/X11R6/lib/X11/fonts/Type1/courbi.pfa
DataFormat:Plain
UsesStandardEncoding:yes
isCFF:no
%EndFont

%BeginFont
Handler:DirectoryHandler
FontType:Invalid
OutlineFileName:/usr/X11R6/lib/X11/fonts/Type1/couri.afm
%EndFont

%BeginFont
Handler:DirectoryHandler
FontType:Type1
FontName:Courier-Italic
FamilyName:Courier
FullName:Courier Italic
WritingScript:Roman
OutlineFileName:/usr/X11R6/lib/X11/fonts/Type1/couri.pfa
DataFormat:Plain
UsesStandardEncoding:yes
isCFF:no
%EndFont

%BeginFont
Handler:DirectoryHandler
FontType:Type1
FontName:Cursor
FamilyName:Cursor
FullName:Cursor
WritingScript:Roman
OutlineFileName:/usr/X11R6/lib/X11/fonts/Type1/cursor.pfa
DataFormat:Plain
UsesStandardEncoding:no
isCFF:no
%EndFont

%BeginFont
Handler:DirectoryHandler
FontType:Invalid
OutlineFileName:/usr/X11R6/lib/X11/fonts/Type1/fonts.scale
%EndFont

%BeginFont
Handler:DirectoryHandler
FontType:Invalid
OutlineFileName:/usr/X11R6/lib/X11/fonts/Type1/l047013t.afm
%EndFont

%BeginFont
Handler:DirectoryHandler
FontType:Type1
FontName:LuxiMono
FamilyName:Luxi Mono
FullName:Luxi Mono Regular
WritingScript:Roman
OutlineFileName:/usr/X11R6/lib/X11/fonts/Type1/l047013t.pfa
DataFormat:Plain
UsesStandardEncoding:no
isCFF:no
%EndFont

%BeginFont
Handler:DirectoryHandler
FontType:Invalid
OutlineFileName:/usr/X11R6/lib/X11/fonts/Type1/l047016t.afm
%EndFont

%BeginFont
Handler:DirectoryHandler
FontType:Type1
FontName:LuxiMono-Bold
FamilyName:Luxi Mono
FullName:Luxi Mono Bold
WritingScript:Roman
OutlineFileName:/usr/X11R6/lib/X11/fonts/Type1/l047016t.pfa
DataFormat:Plain
UsesStandardEncoding:no
isCFF:no
%EndFont

%BeginFont
Handler:DirectoryHandler
FontType:Invalid
OutlineFileName:/usr/X11R6/lib/X11/fonts/Type1/l047033t.afm
%EndFont

%BeginFont
Handler:DirectoryHandler
FontType:Type1
FontName:LuxiMono-Oblique
FamilyName:Luxi Mono
FullName:Luxi Mono Oblique
WritingScript:Roman
OutlineFileName:/usr/X11R6/lib/X11/fonts/Type1/l047033t.pfa
DataFormat:Plain
UsesStandardEncoding:no
isCFF:no
%EndFont

%BeginFont
Handler:DirectoryHandler
FontType:Invalid
OutlineFileName:/usr/X11R6/lib/X11/fonts/Type1/l047036t.afm
%EndFont

%BeginFont
Handler:DirectoryHandler
FontType:Type1
FontName:LuxiMono-BoldOblique
FamilyName:Luxi Mono
FullName:Luxi Mono Bold Oblique
WritingScript:Roman
OutlineFileName:/usr/X11R6/lib/X11/fonts/Type1/l047036t.pfa
DataFormat:Plain
UsesStandardEncoding:no
isCFF:no
%EndFont

%BeginFont
Handler:DirectoryHandler
FontType:Invalid
OutlineFileName:/usr/X11R6/lib/X11/fonts/Type1/l048013t.afm
%EndFont

%BeginFont
Handler:DirectoryHandler
FontType:Type1
FontName:LuxiSans
FamilyName:Luxi Sans
FullName:Luxi Sans Regular
WritingScript:Roman
OutlineFileName:/usr/X11R6/lib/X11/fonts/Type1/l048013t.pfa
DataFormat:Plain
UsesStandardEncoding:no
isCFF:no
%EndFont

%BeginFont
Handler:DirectoryHandler
FontType:Invalid
OutlineFileName:/usr/X11R6/lib/X11/fonts/Type1/l048016t.afm
%EndFont

%BeginFont
Handler:DirectoryHandler
FontType:Type1
FontName:LuxiSans-Bold
FamilyName:Luxi Sans
FullName:Luxi Sans Bold
WritingScript:Roman
OutlineFileName:/usr/X11R6/lib/X11/fonts/Type1/l048016t.pfa
DataFormat:Plain
UsesStandardEncoding:no
isCFF:no
%EndFont

%BeginFont
Handler:DirectoryHandler
FontType:Invalid
OutlineFileName:/usr/X11R6/lib/X11/fonts/Type1/l048033t.afm
%EndFont

%BeginFont
Handler:DirectoryHandler
FontType:Type1
FontName:LuxiSans-Oblique
FamilyName:Luxi Sans
FullName:Luxi Sans Oblique
WritingScript:Roman
OutlineFileName:/usr/X11R6/lib/X11/fonts/Type1/l048033t.pfa
DataFormat:Plain
UsesStandardEncoding:no
isCFF:no
%EndFont

%BeginFont
Handler:DirectoryHandler
FontType:Invalid
OutlineFileName:/usr/X11R6/lib/X11/fonts/Type1/l048036t.afm
%EndFont

%BeginFont
Handler:DirectoryHandler
FontType:Type1
FontName:LuxiSans-BoldOblique
FamilyName:Luxi Sans
FullName:Luxi Sans Bold Oblique
WritingScript:Roman
OutlineFileName:/usr/X11R6/lib/X11/fonts/Type1/l048036t.pfa
DataFormat:Plain
UsesStandardEncoding:no
isCFF:no
%EndFont

%BeginFont
Handler:DirectoryHandler
FontType:Invalid
OutlineFileName:/usr/X11R6/lib/X11/fonts/Type1/l049013t.afm
%EndFont

%BeginFont
Handler:DirectoryHandler
FontType:Type1
FontName:LuxiSerif
FamilyName:Luxi Serif
FullName:Luxi Serif Regular
WritingScript:Roman
OutlineFileName:/usr/X11R6/lib/X11/fonts/Type1/l049013t.pfa
DataFormat:Plain
UsesStandardEncoding:no
isCFF:no
%EndFont

%BeginFont
Handler:DirectoryHandler
FontType:Invalid
OutlineFileName:/usr/X11R6/lib/X11/fonts/Type1/l049016t.afm
%EndFont

%BeginFont
Handler:DirectoryHandler
FontType:Type1
FontName:LuxiSerif-Bold
FamilyName:Luxi Serif
FullName:Luxi Serif Bold
WritingScript:Roman
OutlineFileName:/usr/X11R6/lib/X11/fonts/Type1/l049016t.pfa
DataFormat:Plain
UsesStandardEncoding:no
isCFF:no
%EndFont

%BeginFont
Handler:DirectoryHandler
FontType:Invalid
OutlineFileName:/usr/X11R6/lib/X11/fonts/Type1/l049033t.afm
%EndFont

%BeginFont
Handler:DirectoryHandler
FontType:Type1
FontName:LuxiSerif-Oblique
FamilyName:Luxi Serif
FullName:Luxi Serif Oblique
WritingScript:Roman
OutlineFileName:/usr/X11R6/lib/X11/fonts/Type1/l049033t.pfa
DataFormat:Plain
UsesStandardEncoding:no
isCFF:no
%EndFont

%BeginFont
Handler:DirectoryHandler
FontType:Invalid
OutlineFileName:/usr/X11R6/lib/X11/fonts/Type1/l049036t.afm
%EndFont

%BeginFont
Handler:DirectoryHandler
FontType:Type1
FontName:LuxiSerif-BoldOblique
FamilyName:Luxi Serif
FullName:Luxi Serif Bold Oblique
WritingScript:Roman
OutlineFileName:/usr/X11R6/lib/X11/fonts/Type1/l049036t.pfa
DataFormat:Plain
UsesStandardEncoding:no
isCFF:no
%EndFont

